[debug] [2026-02-07T05:43:33.959Z] ----------------------------------------------------------------------
[debug] [2026-02-07T05:43:33.962Z] Command:       C:\Program Files\nodejs\node.exe C:\Users\sekhar devineni\AppData\Roaming\npm\node_modules\firebase-tools\lib\bin\firebase.js deploy
[debug] [2026-02-07T05:43:33.963Z] CLI Version:   15.3.1
[debug] [2026-02-07T05:43:33.963Z] Platform:      win32
[debug] [2026-02-07T05:43:33.963Z] Node Version:  v24.13.0
[debug] [2026-02-07T05:43:33.963Z] Time:          Sat Feb 07 2026 11:13:33 GMT+0530 (India Standard Time)
[debug] [2026-02-07T05:43:33.963Z] ----------------------------------------------------------------------
[debug] 
[debug] [2026-02-07T05:43:37.175Z] > command requires scopes: ["email","openid","https://www.googleapis.com/auth/cloudplatformprojects.readonly","https://www.googleapis.com/auth/firebase","https://www.googleapis.com/auth/cloud-platform"]
[debug] [2026-02-07T05:43:37.175Z] > authorizing via signed-in user (sd24pages@gmail.com)
[debug] [2026-02-07T05:43:37.176Z] [iam] checking project sd24pages-e149c for permissions ["cloudfunctions.functions.create","cloudfunctions.functions.delete","cloudfunctions.functions.get","cloudfunctions.functions.list","cloudfunctions.functions.update","cloudfunctions.operations.get","firebase.projects.get","firebasehosting.sites.update"]
[debug] [2026-02-07T05:43:37.178Z] Checked if tokens are valid: true, expires at: 1770446371887
[debug] [2026-02-07T05:43:37.179Z] Checked if tokens are valid: true, expires at: 1770446371887
[debug] [2026-02-07T05:43:37.180Z] >>> [apiv2][query] POST https://cloudresourcemanager.googleapis.com/v1/projects/sd24pages-e149c:testIamPermissions [none]
[debug] [2026-02-07T05:43:37.180Z] >>> [apiv2][(partial)header] POST https://cloudresourcemanager.googleapis.com/v1/projects/sd24pages-e149c:testIamPermissions x-goog-quota-user=projects/sd24pages-e149c
[debug] [2026-02-07T05:43:37.181Z] >>> [apiv2][body] POST https://cloudresourcemanager.googleapis.com/v1/projects/sd24pages-e149c:testIamPermissions {"permissions":["cloudfunctions.functions.create","cloudfunctions.functions.delete","cloudfunctions.functions.get","cloudfunctions.functions.list","cloudfunctions.functions.update","cloudfunctions.operations.get","firebase.projects.get","firebasehosting.sites.update"]}
[debug] [2026-02-07T05:43:38.897Z] <<< [apiv2][status] POST https://cloudresourcemanager.googleapis.com/v1/projects/sd24pages-e149c:testIamPermissions 200
[debug] [2026-02-07T05:43:38.898Z] <<< [apiv2][body] POST https://cloudresourcemanager.googleapis.com/v1/projects/sd24pages-e149c:testIamPermissions {"permissions":["cloudfunctions.functions.create","cloudfunctions.functions.delete","cloudfunctions.functions.get","cloudfunctions.functions.list","cloudfunctions.functions.update","cloudfunctions.operations.get","firebase.projects.get","firebasehosting.sites.update"]}
[debug] [2026-02-07T05:43:38.898Z] Checked if tokens are valid: true, expires at: 1770446371887
[debug] [2026-02-07T05:43:38.899Z] Checked if tokens are valid: true, expires at: 1770446371887
[debug] [2026-02-07T05:43:38.899Z] >>> [apiv2][query] POST https://iam.googleapis.com/v1/projects/sd24pages-e149c/serviceAccounts/sd24pages-e149c@appspot.gserviceaccount.com:testIamPermissions [none]
[debug] [2026-02-07T05:43:38.899Z] >>> [apiv2][body] POST https://iam.googleapis.com/v1/projects/sd24pages-e149c/serviceAccounts/sd24pages-e149c@appspot.gserviceaccount.com:testIamPermissions {"permissions":["iam.serviceAccounts.actAs"]}
[debug] [2026-02-07T05:43:39.603Z] <<< [apiv2][status] POST https://iam.googleapis.com/v1/projects/sd24pages-e149c/serviceAccounts/sd24pages-e149c@appspot.gserviceaccount.com:testIamPermissions 200
[debug] [2026-02-07T05:43:39.603Z] <<< [apiv2][body] POST https://iam.googleapis.com/v1/projects/sd24pages-e149c/serviceAccounts/sd24pages-e149c@appspot.gserviceaccount.com:testIamPermissions {"permissions":["iam.serviceAccounts.actAs"]}
[debug] [2026-02-07T05:43:39.605Z] Checked if tokens are valid: true, expires at: 1770446371887
[debug] [2026-02-07T05:43:39.605Z] Checked if tokens are valid: true, expires at: 1770446371887
[debug] [2026-02-07T05:43:39.606Z] >>> [apiv2][query] GET https://firebase.googleapis.com/v1beta1/projects/sd24pages-e149c [none]
[debug] [2026-02-07T05:43:40.424Z] <<< [apiv2][status] GET https://firebase.googleapis.com/v1beta1/projects/sd24pages-e149c 200
[debug] [2026-02-07T05:43:40.425Z] <<< [apiv2][body] GET https://firebase.googleapis.com/v1beta1/projects/sd24pages-e149c {"projectId":"sd24pages-e149c","projectNumber":"237326369522","displayName":"sd24pages","name":"projects/sd24pages-e149c","resources":{"hostingSite":"sd24pages-e149c"},"state":"ACTIVE","etag":"1_6334e4be-0a2c-425b-8508-21320bee48ad"}
[info] 
[info] === Deploying to 'sd24pages-e149c'...
[info] 
[info] i  deploying functions, hosting 
[debug] [2026-02-07T05:43:40.443Z] Checked if tokens are valid: true, expires at: 1770446371887
[debug] [2026-02-07T05:43:40.443Z] Checked if tokens are valid: true, expires at: 1770446371887
[debug] [2026-02-07T05:43:40.443Z] >>> [apiv2][query] GET https://cloudresourcemanager.googleapis.com/v1/projects/sd24pages-e149c [none]
